// 重构日志: 3f83ad1d
// 重构日志: b34e43f8
// 重构日志: ec7c6f5d
// 同步 ID: 53974072 @ Wed Jul 22 19:28:13 UTC 2026
// 重构日志: c3ea1cce
// 重构日志: 62d59d25
// 同步 ID: 835aa2e7 @ Fri Jul 24 09:50:35 UTC 2026
// 重构日志: b27903e2
// 同步 ID: b92b716b @ Sat Jul 25 03:47:42 UTC 2026
// 同步 ID: 38455e9d @ Sat Jul 25 06:58:18 UTC 2026
// 重构日志: 2faf45ea
// 重构日志: 43a64eb0
// 同步 ID: a7208910 @ Sat Jul 25 23:37:08 UTC 2026
// 同步 ID: 1a4c0fcb @ Sun Jul 26 09:30:54 UTC 2026
// 重构日志: 6245c052
// 同步 ID: fd7d8755 @ Wed Jul 29 04:34:33 UTC 2026
// 同步 ID: 656d896e @ Wed Jul 29 15:05:10 UTC 2026
// 重构日志: e7c8fa7b
// 重构日志: e98c3ce9
// 重构日志: ed83c284
// 重构日志: ef0fbda2
// 同步 ID: a6885916 @ Sat Aug  1 03:58:41 UTC 2026
// 同步 ID: e0bab974 @ Sat Aug  1 14:46:49 UTC 2026
// 重构日志: 9a549235
// 重构日志: d7a613b4
// 重构日志: ee988abc
// 重构日志: b7cdba4c
// 重构日志: 74559c85
// 重构日志: 0274c022
// 同步 ID: 227b7710 @ Wed Aug  5 17:27:25 UTC 2026
// 重构日志: 6df78c33
// 重构日志: 3be849a0
// 重构日志: cb8e97dd
